I updated this 83 times
